Analysis & Synthesis report for keyboard1
Sun Oct 29 22:26:58 2017
Quartus II 64-Bit Version 13.0.1 Build 232 06/12/2013 Service Pack 1 SJ Web Edition


---------------------
; Table of Contents ;
---------------------
  1. Legal Notice
  2. Analysis & Synthesis Summary
  3. Analysis & Synthesis Settings
  4. Parallel Compilation
  5. Analysis & Synthesis Source Files Read
  6. Analysis & Synthesis Resource Usage Summary
  7. Analysis & Synthesis Resource Utilization by Entity
  8. State Machine - |main3|ps2_lcd_interface:interface0|lcd_driver:lcd_driver0|state
  9. State Machine - |main3|ps2_lcd_interface:interface0|lcd_driver:lcd_driver0|enabler:enabler0|state
 10. State Machine - |main3|ps2_lcd_interface:interface0|lcd_driver:lcd_driver0|initializer:initializer0|state
 11. State Machine - |main3|ps2_lcd_interface:interface0|lcd_driver:lcd_driver0|initializer:initializer0|enabler:enabler0|state
 12. Registers Removed During Synthesis
 13. General Register Statistics
 14. Multiplexer Restructuring Statistics (Restructuring Performed)
 15. Port Connectivity Checks: "bit4To7Seg:D7Seg2"
 16. Port Connectivity Checks: "ps2_lcd_interface:interface0|lcd_driver:lcd_driver0|initializer:initializer0|enabler:enabler0"
 17. Elapsed Time Per Partition
 18. Analysis & Synthesis Messages
 19. Analysis & Synthesis Suppressed Messages



----------------
; Legal Notice ;
----------------
Copyright (C) 1991-2013 Altera Corporation
Your use of Altera Corporation's design tools, logic functions 
and other software and tools, and its AMPP partner logic 
functions, and any output files from any of the foregoing 
(including device programming or simulation files), and any 
associated documentation or information are expressly subject 
to the terms and conditions of the Altera Program License 
Subscription Agreement, Altera MegaCore Function License 
Agreement, or other applicable license agreement, including, 
without limitation, that your use is for the sole purpose of 
programming logic devices manufactured by Altera and sold by 
Altera or its authorized distributors.  Please refer to the 
applicable agreement for further details.



+--------------------------------------------------------------------------------------+
; Analysis & Synthesis Summary                                                         ;
+------------------------------------+-------------------------------------------------+
; Analysis & Synthesis Status        ; Successful - Sun Oct 29 22:26:58 2017           ;
; Quartus II 64-Bit Version          ; 13.0.1 Build 232 06/12/2013 SP 1 SJ Web Edition ;
; Revision Name                      ; keyboard1                                       ;
; Top-level Entity Name              ; main3                                           ;
; Family                             ; Cyclone II                                      ;
; Total logic elements               ; 342                                             ;
;     Total combinational functions  ; 321                                             ;
;     Dedicated logic registers      ; 149                                             ;
; Total registers                    ; 149                                             ;
; Total pins                         ; 69                                              ;
; Total virtual pins                 ; 0                                               ;
; Total memory bits                  ; 0                                               ;
; Embedded Multiplier 9-bit elements ; 0                                               ;
; Total PLLs                         ; 0                                               ;
+------------------------------------+-------------------------------------------------+


+----------------------------------------------------------------------------------------------------------------------+
; Analysis & Synthesis Settings                                                                                        ;
+----------------------------------------------------------------------------+--------------------+--------------------+
; Option                                                                     ; Setting            ; Default Value      ;
+----------------------------------------------------------------------------+--------------------+--------------------+
; Device                                                                     ; EP2C70F896C6       ;                    ;
; Top-level entity name                                                      ; main3              ; keyboard1          ;
; Family name                                                                ; Cyclone II         ; Cyclone IV GX      ;
; Use smart compilation                                                      ; Off                ; Off                ;
; Enable parallel Assembler and TimeQuest Timing Analyzer during compilation ; On                 ; On                 ;
; Enable compact report table                                                ; Off                ; Off                ;
; Restructure Multiplexers                                                   ; Auto               ; Auto               ;
; Create Debugging Nodes for IP Cores                                        ; Off                ; Off                ;
; Preserve fewer node names                                                  ; On                 ; On                 ;
; Disable OpenCore Plus hardware evaluation                                  ; Off                ; Off                ;
; Verilog Version                                                            ; Verilog_2001       ; Verilog_2001       ;
; VHDL Version                                                               ; VHDL_1993          ; VHDL_1993          ;
; State Machine Processing                                                   ; Auto               ; Auto               ;
; Safe State Machine                                                         ; Off                ; Off                ;
; Extract Verilog State Machines                                             ; On                 ; On                 ;
; Extract VHDL State Machines                                                ; On                 ; On                 ;
; Ignore Verilog initial constructs                                          ; Off                ; Off                ;
; Iteration limit for constant Verilog loops                                 ; 5000               ; 5000               ;
; Iteration limit for non-constant Verilog loops                             ; 250                ; 250                ;
; Add Pass-Through Logic to Inferred RAMs                                    ; On                 ; On                 ;
; Infer RAMs from Raw Logic                                                  ; On                 ; On                 ;
; Parallel Synthesis                                                         ; On                 ; On                 ;
; DSP Block Balancing                                                        ; Auto               ; Auto               ;
; NOT Gate Push-Back                                                         ; On                 ; On                 ;
; Power-Up Don't Care                                                        ; On                 ; On                 ;
; Remove Redundant Logic Cells                                               ; Off                ; Off                ;
; Remove Duplicate Registers                                                 ; On                 ; On                 ;
; Ignore CARRY Buffers                                                       ; Off                ; Off                ;
; Ignore CASCADE Buffers                                                     ; Off                ; Off                ;
; Ignore GLOBAL Buffers                                                      ; Off                ; Off                ;
; Ignore ROW GLOBAL Buffers                                                  ; Off                ; Off                ;
; Ignore LCELL Buffers                                                       ; Off                ; Off                ;
; Ignore SOFT Buffers                                                        ; On                 ; On                 ;
; Limit AHDL Integers to 32 Bits                                             ; Off                ; Off                ;
; Optimization Technique                                                     ; Balanced           ; Balanced           ;
; Carry Chain Length                                                         ; 70                 ; 70                 ;
; Auto Carry Chains                                                          ; On                 ; On                 ;
; Auto Open-Drain Pins                                                       ; On                 ; On                 ;
; Perform WYSIWYG Primitive Resynthesis                                      ; Off                ; Off                ;
; Auto ROM Replacement                                                       ; On                 ; On                 ;
; Auto RAM Replacement                                                       ; On                 ; On                 ;
; Auto Shift Register Replacement                                            ; Auto               ; Auto               ;
; Allow Shift Register Merging across Hierarchies                            ; Auto               ; Auto               ;
; Auto Clock Enable Replacement                                              ; On                 ; On                 ;
; Strict RAM Replacement                                                     ; Off                ; Off                ;
; Allow Synchronous Control Signals                                          ; On                 ; On                 ;
; Force Use of Synchronous Clear Signals                                     ; Off                ; Off                ;
; Auto RAM to Logic Cell Conversion                                          ; Off                ; Off                ;
; Auto Resource Sharing                                                      ; Off                ; Off                ;
; Allow Any RAM Size For Recognition                                         ; Off                ; Off                ;
; Allow Any ROM Size For Recognition                                         ; Off                ; Off                ;
; Allow Any Shift Register Size For Recognition                              ; Off                ; Off                ;
; Use LogicLock Constraints during Resource Balancing                        ; On                 ; On                 ;
; Ignore translate_off and synthesis_off directives                          ; Off                ; Off                ;
; Timing-Driven Synthesis                                                    ; Off                ; Off                ;
; Report Parameter Settings                                                  ; On                 ; On                 ;
; Report Source Assignments                                                  ; On                 ; On                 ;
; Report Connectivity Checks                                                 ; On                 ; On                 ;
; Ignore Maximum Fan-Out Assignments                                         ; Off                ; Off                ;
; Synchronization Register Chain Length                                      ; 2                  ; 2                  ;
; PowerPlay Power Optimization                                               ; Normal compilation ; Normal compilation ;
; HDL message level                                                          ; Level2             ; Level2             ;
; Suppress Register Optimization Related Messages                            ; Off                ; Off                ;
; Number of Removed Registers Reported in Synthesis Report                   ; 5000               ; 5000               ;
; Number of Swept Nodes Reported in Synthesis Report                         ; 5000               ; 5000               ;
; Number of Inverted Registers Reported in Synthesis Report                  ; 100                ; 100                ;
; Clock MUX Protection                                                       ; On                 ; On                 ;
; Auto Gated Clock Conversion                                                ; Off                ; Off                ;
; Block Design Naming                                                        ; Auto               ; Auto               ;
; SDC constraint protection                                                  ; Off                ; Off                ;
; Synthesis Effort                                                           ; Auto               ; Auto               ;
; Shift Register Replacement - Allow Asynchronous Clear Signal               ; On                 ; On                 ;
; Pre-Mapping Resynthesis Optimization                                       ; Off                ; Off                ;
; Analysis & Synthesis Message Level                                         ; Medium             ; Medium             ;
; Disable Register Merging Across Hierarchies                                ; Auto               ; Auto               ;
; Resource Aware Inference For Block RAM                                     ; On                 ; On                 ;
; Synthesis Seed                                                             ; 1                  ; 1                  ;
+----------------------------------------------------------------------------+--------------------+--------------------+


Parallel compilation was disabled, but you have multiple processors available. Enable parallel compilation to reduce compilation time.
+-------------------------------------+
; Parallel Compilation                ;
+----------------------------+--------+
; Processors                 ; Number ;
+----------------------------+--------+
; Number detected on machine ; 8      ;
; Maximum allowed            ; 1      ;
+----------------------------+--------+


+-------------------------------------------------------------------------------------------------------------------------------------------------------------+
; Analysis & Synthesis Source Files Read                                                                                                                      ;
+----------------------------------+-----------------+------------------------------+---------------------------------------------------------------+---------+
; File Name with User-Entered Path ; Used in Netlist ; File Type                    ; File Name with Absolute Path                                  ; Library ;
+----------------------------------+-----------------+------------------------------+---------------------------------------------------------------+---------+
; ps2_to_ascii.sv                  ; yes             ; User SystemVerilog HDL File  ; C:/Users/Elias g/projects/keyboard1/ps2_to_ascii.sv           ;         ;
; ps2_lcd_interface.sv             ; yes             ; User SystemVerilog HDL File  ; C:/Users/Elias g/projects/keyboard1/ps2_lcd_interface.sv      ;         ;
; ps2interface.sv                  ; yes             ; User SystemVerilog HDL File  ; C:/Users/Elias g/projects/keyboard1/ps2interface.sv           ;         ;
; output_files/bit4To7Seg.v        ; yes             ; User Verilog HDL File        ; C:/Users/Elias g/projects/keyboard1/output_files/bit4To7Seg.v ;         ;
; enabler.sv                       ; yes             ; User SystemVerilog HDL File  ; C:/Users/Elias g/projects/keyboard1/enabler.sv                ;         ;
; initializer.sv                   ; yes             ; User SystemVerilog HDL File  ; C:/Users/Elias g/projects/keyboard1/initializer.sv            ;         ;
; lcd_driver.sv                    ; yes             ; User SystemVerilog HDL File  ; C:/Users/Elias g/projects/keyboard1/lcd_driver.sv             ;         ;
; main3.sv                         ; yes             ; User SystemVerilog HDL File  ; C:/Users/Elias g/projects/keyboard1/main3.sv                  ;         ;
+----------------------------------+-----------------+------------------------------+---------------------------------------------------------------+---------+


+-----------------------------------------------------+
; Analysis & Synthesis Resource Usage Summary         ;
+---------------------------------------------+-------+
; Resource                                    ; Usage ;
+---------------------------------------------+-------+
; Estimated Total logic elements              ; 342   ;
;                                             ;       ;
; Total combinational functions               ; 321   ;
; Logic element usage by number of LUT inputs ;       ;
;     -- 4 input functions                    ; 171   ;
;     -- 3 input functions                    ; 51    ;
;     -- <=2 input functions                  ; 99    ;
;                                             ;       ;
; Logic elements by mode                      ;       ;
;     -- normal mode                          ; 241   ;
;     -- arithmetic mode                      ; 80    ;
;                                             ;       ;
; Total registers                             ; 149   ;
;     -- Dedicated logic registers            ; 149   ;
;     -- I/O registers                        ; 0     ;
;                                             ;       ;
; I/O pins                                    ; 69    ;
; Embedded Multiplier 9-bit elements          ; 0     ;
; Maximum fan-out node                        ; clk   ;
; Maximum fan-out                             ; 138   ;
; Total fan-out                               ; 1553  ;
; Average fan-out                             ; 2.88  ;
+---------------------------------------------+-------+


+-----------------------------------------------------------------------------------------------------------------------------------------------------------------------------------------------------------------------------------------------------------------------+
; Analysis & Synthesis Resource Utilization by Entity                                                                                                                                                                                                                   ;
+-------------------------------------+-------------------+--------------+-------------+--------------+---------+-----------+------+--------------+------------------------------------------------------------------------------------------------------+--------------+
; Compilation Hierarchy Node          ; LC Combinationals ; LC Registers ; Memory Bits ; DSP Elements ; DSP 9x9 ; DSP 18x18 ; Pins ; Virtual Pins ; Full Hierarchy Name                                                                                  ; Library Name ;
+-------------------------------------+-------------------+--------------+-------------+--------------+---------+-----------+------+--------------+------------------------------------------------------------------------------------------------------+--------------+
; |main3                              ; 321 (0)           ; 149 (0)      ; 0           ; 0            ; 0       ; 0         ; 69   ; 0            ; |main3                                                                                               ; work         ;
;    |bit4To7Seg:D7Seg0|              ; 14 (14)           ; 0 (0)        ; 0           ; 0            ; 0       ; 0         ; 0    ; 0            ; |main3|bit4To7Seg:D7Seg0                                                                             ; work         ;
;    |bit4To7Seg:D7Seg1|              ; 14 (14)           ; 0 (0)        ; 0           ; 0            ; 0       ; 0         ; 0    ; 0            ; |main3|bit4To7Seg:D7Seg1                                                                             ; work         ;
;    |bit4To7Seg:D7Seg2|              ; 7 (7)             ; 0 (0)        ; 0           ; 0            ; 0       ; 0         ; 0    ; 0            ; |main3|bit4To7Seg:D7Seg2                                                                             ; work         ;
;    |ps2_lcd_interface:interface0|   ; 253 (0)           ; 111 (0)      ; 0           ; 0            ; 0       ; 0         ; 0    ; 0            ; |main3|ps2_lcd_interface:interface0                                                                  ; work         ;
;       |lcd_driver:lcd_driver0|      ; 180 (42)          ; 111 (11)     ; 0           ; 0            ; 0       ; 0         ; 0    ; 0            ; |main3|ps2_lcd_interface:interface0|lcd_driver:lcd_driver0                                           ; work         ;
;          |enabler:enabler0|         ; 35 (35)           ; 26 (26)      ; 0           ; 0            ; 0       ; 0         ; 0    ; 0            ; |main3|ps2_lcd_interface:interface0|lcd_driver:lcd_driver0|enabler:enabler0                          ; work         ;
;          |initializer:initializer0| ; 103 (70)          ; 74 (50)      ; 0           ; 0            ; 0       ; 0         ; 0    ; 0            ; |main3|ps2_lcd_interface:interface0|lcd_driver:lcd_driver0|initializer:initializer0                  ; work         ;
;             |enabler:enabler0|      ; 33 (33)           ; 24 (24)      ; 0           ; 0            ; 0       ; 0         ; 0    ; 0            ; |main3|ps2_lcd_interface:interface0|lcd_driver:lcd_driver0|initializer:initializer0|enabler:enabler0 ; work         ;
;       |ps2_to_ascii:ps2ascii|       ; 73 (73)           ; 0 (0)        ; 0           ; 0            ; 0       ; 0         ; 0    ; 0            ; |main3|ps2_lcd_interface:interface0|ps2_to_ascii:ps2ascii                                            ; work         ;
;    |ps2interface:ps2|               ; 33 (33)           ; 38 (38)      ; 0           ; 0            ; 0       ; 0         ; 0    ; 0            ; |main3|ps2interface:ps2                                                                              ; work         ;
+-------------------------------------+-------------------+--------------+-------------+--------------+---------+-----------+------+--------------+------------------------------------------------------------------------------------------------------+--------------+
Note: For table entries with two numbers listed, the numbers in parentheses indicate the number of resources of the given type used by the specific entity alone. The numbers listed outside of parentheses indicate the total resources of the given type used by the specific entity and all of its sub-entities in the hierarchy.


Encoding Type:  One-Hot
+------------------------------------------------------------------------------------------------------------------------+
; State Machine - |main3|ps2_lcd_interface:interface0|lcd_driver:lcd_driver0|state                                       ;
+----------------+--------------+---------------+----------------+-------------+---------------+------------+------------+
; Name           ; state.WAITEN ; state.ENABLER ; state.WAITCMD2 ; state.CHECK ; state.WAITCMD ; state.INIT ; state.IDLE ;
+----------------+--------------+---------------+----------------+-------------+---------------+------------+------------+
; state.IDLE     ; 0            ; 0             ; 0              ; 0           ; 0             ; 0          ; 0          ;
; state.INIT     ; 0            ; 0             ; 0              ; 0           ; 0             ; 1          ; 1          ;
; state.WAITCMD  ; 0            ; 0             ; 0              ; 0           ; 1             ; 0          ; 1          ;
; state.CHECK    ; 0            ; 0             ; 0              ; 1           ; 0             ; 0          ; 1          ;
; state.WAITCMD2 ; 0            ; 0             ; 1              ; 0           ; 0             ; 0          ; 1          ;
; state.ENABLER  ; 0            ; 1             ; 0              ; 0           ; 0             ; 0          ; 1          ;
; state.WAITEN   ; 1            ; 0             ; 0              ; 0           ; 0             ; 0          ; 1          ;
+----------------+--------------+---------------+----------------+-------------+---------------+------------+------------+


Encoding Type:  One-Hot
+-----------------------------------------------------------------------------------------------------------------------------------------------+
; State Machine - |main3|ps2_lcd_interface:interface0|lcd_driver:lcd_driver0|enabler:enabler0|state                                             ;
+---------------+--------------+------------+---------------+------------+--------------+-------------+------------+------------+---------------+
; Name          ; state.EN_LOW ; state.RST1 ; state.EN_HIGH ; state.RST0 ; state.WAITAS ; state.SETRS ; state.WAIT ; state.IDLE ; state.EN_DONE ;
+---------------+--------------+------------+---------------+------------+--------------+-------------+------------+------------+---------------+
; state.IDLE    ; 0            ; 0          ; 0             ; 0          ; 0            ; 0           ; 0          ; 0          ; 0             ;
; state.WAIT    ; 0            ; 0          ; 0             ; 0          ; 0            ; 0           ; 1          ; 1          ; 0             ;
; state.SETRS   ; 0            ; 0          ; 0             ; 0          ; 0            ; 1           ; 0          ; 1          ; 0             ;
; state.WAITAS  ; 0            ; 0          ; 0             ; 0          ; 1            ; 0           ; 0          ; 1          ; 0             ;
; state.RST0    ; 0            ; 0          ; 0             ; 1          ; 0            ; 0           ; 0          ; 1          ; 0             ;
; state.EN_HIGH ; 0            ; 0          ; 1             ; 0          ; 0            ; 0           ; 0          ; 1          ; 0             ;
; state.RST1    ; 0            ; 1          ; 0             ; 0          ; 0            ; 0           ; 0          ; 1          ; 0             ;
; state.EN_LOW  ; 1            ; 0          ; 0             ; 0          ; 0            ; 0           ; 0          ; 1          ; 0             ;
; state.EN_DONE ; 0            ; 0          ; 0             ; 0          ; 0            ; 0           ; 0          ; 1          ; 1             ;
+---------------+--------------+------------+---------------+------------+--------------+-------------+------------+------------+---------------+


Encoding Type:  One-Hot
+-------------------------------------------------------------------------------------------------------------------------------------------------------------------------------------------------------------------------------------------------------------------------------------------------------------+
; State Machine - |main3|ps2_lcd_interface:interface0|lcd_driver:lcd_driver0|initializer:initializer0|state                                                                                                                                                                                                   ;
+------------------+------------+--------------+--------------+--------------+--------------+--------------+---------------+--------------+------------------+--------------+-----------+-----------------+--------------+-----------+---------------+--------------+-----------+----------------+------------+
; Name             ; state.DONE ; state.WAITD6 ; state.WRMODE ; state.WAITD5 ; state.DISPON ; state.WAITD4 ; state.DISPCLR ; state.WAITD3 ; state.DISPLAYOFF ; state.WAITD2 ; state.FS2 ; state.WAIT100US ; state.WAITD1 ; state.FS1 ; state.WAIT4MS ; state.WAITD0 ; state.FS0 ; state.WAIT15MS ; state.IDLE ;
+------------------+------------+--------------+--------------+--------------+--------------+--------------+---------------+--------------+------------------+--------------+-----------+-----------------+--------------+-----------+---------------+--------------+-----------+----------------+------------+
; state.IDLE       ; 0          ; 0            ; 0            ; 0            ; 0            ; 0            ; 0             ; 0            ; 0                ; 0            ; 0         ; 0               ; 0            ; 0         ; 0             ; 0            ; 0         ; 0              ; 0          ;
; state.WAIT15MS   ; 0          ; 0            ; 0            ; 0            ; 0            ; 0            ; 0             ; 0            ; 0                ; 0            ; 0         ; 0               ; 0            ; 0         ; 0             ; 0            ; 0         ; 1              ; 1          ;
; state.FS0        ; 0          ; 0            ; 0            ; 0            ; 0            ; 0            ; 0             ; 0            ; 0                ; 0            ; 0         ; 0               ; 0            ; 0         ; 0             ; 0            ; 1         ; 0              ; 1          ;
; state.WAITD0     ; 0          ; 0            ; 0            ; 0            ; 0            ; 0            ; 0             ; 0            ; 0                ; 0            ; 0         ; 0               ; 0            ; 0         ; 0             ; 1            ; 0         ; 0              ; 1          ;
; state.WAIT4MS    ; 0          ; 0            ; 0            ; 0            ; 0            ; 0            ; 0             ; 0            ; 0                ; 0            ; 0         ; 0               ; 0            ; 0         ; 1             ; 0            ; 0         ; 0              ; 1          ;
; state.FS1        ; 0          ; 0            ; 0            ; 0            ; 0            ; 0            ; 0             ; 0            ; 0                ; 0            ; 0         ; 0               ; 0            ; 1         ; 0             ; 0            ; 0         ; 0              ; 1          ;
; state.WAITD1     ; 0          ; 0            ; 0            ; 0            ; 0            ; 0            ; 0             ; 0            ; 0                ; 0            ; 0         ; 0               ; 1            ; 0         ; 0             ; 0            ; 0         ; 0              ; 1          ;
; state.WAIT100US  ; 0          ; 0            ; 0            ; 0            ; 0            ; 0            ; 0             ; 0            ; 0                ; 0            ; 0         ; 1               ; 0            ; 0         ; 0             ; 0            ; 0         ; 0              ; 1          ;
; state.FS2        ; 0          ; 0            ; 0            ; 0            ; 0            ; 0            ; 0             ; 0            ; 0                ; 0            ; 1         ; 0               ; 0            ; 0         ; 0             ; 0            ; 0         ; 0              ; 1          ;
; state.WAITD2     ; 0          ; 0            ; 0            ; 0            ; 0            ; 0            ; 0             ; 0            ; 0                ; 1            ; 0         ; 0               ; 0            ; 0         ; 0             ; 0            ; 0         ; 0              ; 1          ;
; state.DISPLAYOFF ; 0          ; 0            ; 0            ; 0            ; 0            ; 0            ; 0             ; 0            ; 1                ; 0            ; 0         ; 0               ; 0            ; 0         ; 0             ; 0            ; 0         ; 0              ; 1          ;
; state.WAITD3     ; 0          ; 0            ; 0            ; 0            ; 0            ; 0            ; 0             ; 1            ; 0                ; 0            ; 0         ; 0               ; 0            ; 0         ; 0             ; 0            ; 0         ; 0              ; 1          ;
; state.DISPCLR    ; 0          ; 0            ; 0            ; 0            ; 0            ; 0            ; 1             ; 0            ; 0                ; 0            ; 0         ; 0               ; 0            ; 0         ; 0             ; 0            ; 0         ; 0              ; 1          ;
; state.WAITD4     ; 0          ; 0            ; 0            ; 0            ; 0            ; 1            ; 0             ; 0            ; 0                ; 0            ; 0         ; 0               ; 0            ; 0         ; 0             ; 0            ; 0         ; 0              ; 1          ;
; state.DISPON     ; 0          ; 0            ; 0            ; 0            ; 1            ; 0            ; 0             ; 0            ; 0                ; 0            ; 0         ; 0               ; 0            ; 0         ; 0             ; 0            ; 0         ; 0              ; 1          ;
; state.WAITD5     ; 0          ; 0            ; 0            ; 1            ; 0            ; 0            ; 0             ; 0            ; 0                ; 0            ; 0         ; 0               ; 0            ; 0         ; 0             ; 0            ; 0         ; 0              ; 1          ;
; state.WRMODE     ; 0          ; 0            ; 1            ; 0            ; 0            ; 0            ; 0             ; 0            ; 0                ; 0            ; 0         ; 0               ; 0            ; 0         ; 0             ; 0            ; 0         ; 0              ; 1          ;
; state.WAITD6     ; 0          ; 1            ; 0            ; 0            ; 0            ; 0            ; 0             ; 0            ; 0                ; 0            ; 0         ; 0               ; 0            ; 0         ; 0             ; 0            ; 0         ; 0              ; 1          ;
; state.DONE       ; 1          ; 0            ; 0            ; 0            ; 0            ; 0            ; 0             ; 0            ; 0                ; 0            ; 0         ; 0               ; 0            ; 0         ; 0             ; 0            ; 0         ; 0              ; 1          ;
+------------------+------------+--------------+--------------+--------------+--------------+--------------+---------------+--------------+------------------+--------------+-----------+-----------------+--------------+-----------+---------------+--------------+-----------+----------------+------------+


Encoding Type:  One-Hot
+-----------------------------------------------------------------------------------------------------------------------------------------------+
; State Machine - |main3|ps2_lcd_interface:interface0|lcd_driver:lcd_driver0|initializer:initializer0|enabler:enabler0|state                    ;
+---------------+--------------+------------+---------------+------------+--------------+-------------+------------+------------+---------------+
; Name          ; state.EN_LOW ; state.RST1 ; state.EN_HIGH ; state.RST0 ; state.WAITAS ; state.SETRS ; state.WAIT ; state.IDLE ; state.EN_DONE ;
+---------------+--------------+------------+---------------+------------+--------------+-------------+------------+------------+---------------+
; state.IDLE    ; 0            ; 0          ; 0             ; 0          ; 0            ; 0           ; 0          ; 0          ; 0             ;
; state.WAIT    ; 0            ; 0          ; 0             ; 0          ; 0            ; 0           ; 1          ; 1          ; 0             ;
; state.SETRS   ; 0            ; 0          ; 0             ; 0          ; 0            ; 1           ; 0          ; 1          ; 0             ;
; state.WAITAS  ; 0            ; 0          ; 0             ; 0          ; 1            ; 0           ; 0          ; 1          ; 0             ;
; state.RST0    ; 0            ; 0          ; 0             ; 1          ; 0            ; 0           ; 0          ; 1          ; 0             ;
; state.EN_HIGH ; 0            ; 0          ; 1             ; 0          ; 0            ; 0           ; 0          ; 1          ; 0             ;
; state.RST1    ; 0            ; 1          ; 0             ; 0          ; 0            ; 0           ; 0          ; 1          ; 0             ;
; state.EN_LOW  ; 1            ; 0          ; 0             ; 0          ; 0            ; 0           ; 0          ; 1          ; 0             ;
; state.EN_DONE ; 0            ; 0          ; 0             ; 0          ; 0            ; 0           ; 0          ; 1          ; 1             ;
+---------------+--------------+------------+---------------+------------+--------------+-------------+------------+------------+---------------+


+--------------------------------------------------------------------------------------------------------------------------------------------------------------------------------------------------------+
; Registers Removed During Synthesis                                                                                                                                                                     ;
+----------------------------------------------------------------------------------------------------------+---------------------------------------------------------------------------------------------+
; Register name                                                                                            ; Reason for Removal                                                                          ;
+----------------------------------------------------------------------------------------------------------+---------------------------------------------------------------------------------------------+
; ps2_lcd_interface:interface0|lcd_driver:lcd_driver0|initializer:initializer0|enabler:enabler0|rs         ; Stuck at GND due to stuck port data_in                                                      ;
; ps2_lcd_interface:interface0|lcd_driver:lcd_driver0|state~2                                              ; Lost fanout                                                                                 ;
; ps2_lcd_interface:interface0|lcd_driver:lcd_driver0|state~3                                              ; Lost fanout                                                                                 ;
; ps2_lcd_interface:interface0|lcd_driver:lcd_driver0|state~4                                              ; Lost fanout                                                                                 ;
; ps2_lcd_interface:interface0|lcd_driver:lcd_driver0|state~5                                              ; Lost fanout                                                                                 ;
; ps2_lcd_interface:interface0|lcd_driver:lcd_driver0|state~6                                              ; Lost fanout                                                                                 ;
; ps2_lcd_interface:interface0|lcd_driver:lcd_driver0|enabler:enabler0|state~2                             ; Lost fanout                                                                                 ;
; ps2_lcd_interface:interface0|lcd_driver:lcd_driver0|enabler:enabler0|state~3                             ; Lost fanout                                                                                 ;
; ps2_lcd_interface:interface0|lcd_driver:lcd_driver0|enabler:enabler0|state~4                             ; Lost fanout                                                                                 ;
; ps2_lcd_interface:interface0|lcd_driver:lcd_driver0|enabler:enabler0|state~6                             ; Lost fanout                                                                                 ;
; ps2_lcd_interface:interface0|lcd_driver:lcd_driver0|initializer:initializer0|state~2                     ; Lost fanout                                                                                 ;
; ps2_lcd_interface:interface0|lcd_driver:lcd_driver0|initializer:initializer0|state~3                     ; Lost fanout                                                                                 ;
; ps2_lcd_interface:interface0|lcd_driver:lcd_driver0|initializer:initializer0|state~4                     ; Lost fanout                                                                                 ;
; ps2_lcd_interface:interface0|lcd_driver:lcd_driver0|initializer:initializer0|state~5                     ; Lost fanout                                                                                 ;
; ps2_lcd_interface:interface0|lcd_driver:lcd_driver0|initializer:initializer0|state~6                     ; Lost fanout                                                                                 ;
; ps2_lcd_interface:interface0|lcd_driver:lcd_driver0|initializer:initializer0|state~7                     ; Lost fanout                                                                                 ;
; ps2_lcd_interface:interface0|lcd_driver:lcd_driver0|initializer:initializer0|enabler:enabler0|state~2    ; Lost fanout                                                                                 ;
; ps2_lcd_interface:interface0|lcd_driver:lcd_driver0|initializer:initializer0|enabler:enabler0|state~3    ; Lost fanout                                                                                 ;
; ps2_lcd_interface:interface0|lcd_driver:lcd_driver0|initializer:initializer0|enabler:enabler0|state~4    ; Lost fanout                                                                                 ;
; ps2_lcd_interface:interface0|lcd_driver:lcd_driver0|initializer:initializer0|enabler:enabler0|state~6    ; Lost fanout                                                                                 ;
; ps2_lcd_interface:interface0|lcd_driver:lcd_driver0|initializer:initializer0|enabler:enabler0|state.IDLE ; Merged with ps2_lcd_interface:interface0|lcd_driver:lcd_driver0|enabler:enabler0|state.IDLE ;
; ps2_lcd_interface:interface0|lcd_driver:lcd_driver0|initializer:initializer0|state.IDLE                  ; Merged with ps2_lcd_interface:interface0|lcd_driver:lcd_driver0|enabler:enabler0|state.IDLE ;
; ps2_lcd_interface:interface0|lcd_driver:lcd_driver0|state.IDLE                                           ; Merged with ps2_lcd_interface:interface0|lcd_driver:lcd_driver0|enabler:enabler0|state.IDLE ;
; Total Number of Removed Registers = 23                                                                   ;                                                                                             ;
+----------------------------------------------------------------------------------------------------------+---------------------------------------------------------------------------------------------+


+------------------------------------------------------+
; General Register Statistics                          ;
+----------------------------------------------+-------+
; Statistic                                    ; Value ;
+----------------------------------------------+-------+
; Total registers                              ; 149   ;
; Number of registers using Synchronous Clear  ; 104   ;
; Number of registers using Synchronous Load   ; 0     ;
; Number of registers using Asynchronous Clear ; 0     ;
; Number of registers using Asynchronous Load  ; 0     ;
; Number of registers using Clock Enable       ; 61    ;
; Number of registers using Preset             ; 0     ;
+----------------------------------------------+-------+


+--------------------------------------------------------------------------------------------------------------------------------------------------------------------------------------------------------------------------------+
; Multiplexer Restructuring Statistics (Restructuring Performed)                                                                                                                                                                 ;
+--------------------+-----------+---------------+----------------------+------------------------+------------+------------------------------------------------------------------------------------------------------------------+
; Multiplexer Inputs ; Bus Width ; Baseline Area ; Area if Restructured ; Saving if Restructured ; Registered ; Example Multiplexer Output                                                                                       ;
+--------------------+-----------+---------------+----------------------+------------------------+------------+------------------------------------------------------------------------------------------------------------------+
; 3:1                ; 16 bits   ; 32 LEs        ; 16 LEs               ; 16 LEs                 ; Yes        ; |main3|ps2_lcd_interface:interface0|lcd_driver:lcd_driver0|enabler:enabler0|counter[4]                           ;
; 3:1                ; 16 bits   ; 32 LEs        ; 16 LEs               ; 16 LEs                 ; Yes        ; |main3|ps2_lcd_interface:interface0|lcd_driver:lcd_driver0|initializer:initializer0|enabler:enabler0|counter[15] ;
; 3:1                ; 16 bits   ; 32 LEs        ; 16 LEs               ; 16 LEs                 ; Yes        ; |main3|ps2interface:ps2|counter[7]                                                                               ;
; 4:1                ; 3 bits    ; 6 LEs         ; 3 LEs                ; 3 LEs                  ; Yes        ; |main3|ps2_lcd_interface:interface0|lcd_driver:lcd_driver0|pointer[3]                                            ;
; 4:1                ; 2 bits    ; 4 LEs         ; 4 LEs                ; 0 LEs                  ; Yes        ; |main3|ps2_lcd_interface:interface0|lcd_driver:lcd_driver0|pointer[0]                                            ;
+--------------------+-----------+---------------+----------------------+------------------------+------------+------------------------------------------------------------------------------------------------------------------+


+-----------------------------------------------+
; Port Connectivity Checks: "bit4To7Seg:D7Seg2" ;
+-------------+-------+----------+--------------+
; Port        ; Type  ; Severity ; Details      ;
+-------------+-------+----------+--------------+
; value[7..5] ; Input ; Info     ; Stuck at GND ;
+-------------+-------+----------+--------------+


+---------------------------------------------------------------------------------------------------------------------------+
; Port Connectivity Checks: "ps2_lcd_interface:interface0|lcd_driver:lcd_driver0|initializer:initializer0|enabler:enabler0" ;
+-------+-------+----------+------------------------------------------------------------------------------------------------+
; Port  ; Type  ; Severity ; Details                                                                                        ;
+-------+-------+----------+------------------------------------------------------------------------------------------------+
; rs_in ; Input ; Info     ; Stuck at GND                                                                                   ;
+-------+-------+----------+------------------------------------------------------------------------------------------------+


+-------------------------------+
; Elapsed Time Per Partition    ;
+----------------+--------------+
; Partition Name ; Elapsed Time ;
+----------------+--------------+
; Top            ; 00:00:02     ;
+----------------+--------------+


+-------------------------------+
; Analysis & Synthesis Messages ;
+-------------------------------+
Info: *******************************************************************
Info: Running Quartus II 64-Bit Analysis & Synthesis
    Info: Version 13.0.1 Build 232 06/12/2013 Service Pack 1 SJ Web Edition
    Info: Processing started: Sun Oct 29 22:26:54 2017
Info: Command: quartus_map --read_settings_files=on --write_settings_files=off keyboard1 -c keyboard1
Warning (20028): Parallel compilation is not licensed and has been disabled
Warning (10229): Verilog HDL Expression warning at ps2_to_ascii.sv(16): truncated literal to match 5 bits
Info (12021): Found 1 design units, including 1 entities, in source file ps2_to_ascii.sv
    Info (12023): Found entity 1: ps2_to_ascii
Info (12021): Found 1 design units, including 1 entities, in source file ps2_lcd_interface_tb.sv
    Info (12023): Found entity 1: ps2_lcd_interface_tb
Info (12021): Found 1 design units, including 1 entities, in source file ps2_lcd_interface.sv
    Info (12023): Found entity 1: ps2_lcd_interface
Warning (12019): Can't analyze file -- file rom.sv is missing
Info (12021): Found 1 design units, including 1 entities, in source file ps2interface.sv
    Info (12023): Found entity 1: ps2interface
Info (12021): Found 1 design units, including 1 entities, in source file main.sv
    Info (12023): Found entity 1: main
Info (12021): Found 1 design units, including 1 entities, in source file ddebouncer.sv
    Info (12023): Found entity 1: ddebouncer
Info (12021): Found 1 design units, including 1 entities, in source file debouncer_tb.sv
    Info (12023): Found entity 1: debouncer_tb
Info (12021): Found 1 design units, including 1 entities, in source file keyboard.v
    Info (12023): Found entity 1: keyboard
Info (12021): Found 1 design units, including 1 entities, in source file output_files/bit4to7seg.v
    Info (12023): Found entity 1: bit4To7Seg
Info (12021): Found 1 design units, including 1 entities, in source file ps2interface_tb.sv
    Info (12023): Found entity 1: ps2interface_tb
Info (12021): Found 1 design units, including 1 entities, in source file main2.sv
    Info (12023): Found entity 1: main2
Info (12021): Found 1 design units, including 1 entities, in source file enabler.sv
    Info (12023): Found entity 1: enabler
Info (12021): Found 1 design units, including 1 entities, in source file enabler_tb.sv
    Info (12023): Found entity 1: enabler_tb
Info (12021): Found 1 design units, including 1 entities, in source file initializer.sv
    Info (12023): Found entity 1: initializer
Info (12021): Found 1 design units, including 1 entities, in source file initializer_tb.sv
    Info (12023): Found entity 1: initializer_tb
Info (12021): Found 1 design units, including 1 entities, in source file lcd_driver.sv
    Info (12023): Found entity 1: lcd_driver
Info (12021): Found 1 design units, including 1 entities, in source file main3.sv
    Info (12023): Found entity 1: main3
Info (12021): Found 1 design units, including 1 entities, in source file main3_tb.sv
    Info (12023): Found entity 1: main3_tb
Warning (10236): Verilog HDL Implicit Net warning at lcd_driver.sv(31): created implicit net for "en_done"
Info (12127): Elaborating entity "main3" for the top level hierarchy
Info (12128): Elaborating entity "ps2interface" for hierarchy "ps2interface:ps2"
Info (12128): Elaborating entity "ps2_lcd_interface" for hierarchy "ps2_lcd_interface:interface0"
Info (12128): Elaborating entity "ps2_to_ascii" for hierarchy "ps2_lcd_interface:interface0|ps2_to_ascii:ps2ascii"
Warning (10272): Verilog HDL Case Statement warning at ps2_to_ascii.sv(108): case item expression covers a value already covered by a previous case item
Warning (10272): Verilog HDL Case Statement warning at ps2_to_ascii.sv(109): case item expression covers a value already covered by a previous case item
Warning (10272): Verilog HDL Case Statement warning at ps2_to_ascii.sv(110): case item expression covers a value already covered by a previous case item
Warning (10272): Verilog HDL Case Statement warning at ps2_to_ascii.sv(111): case item expression covers a value already covered by a previous case item
Warning (10272): Verilog HDL Case Statement warning at ps2_to_ascii.sv(112): case item expression covers a value already covered by a previous case item
Warning (10272): Verilog HDL Case Statement warning at ps2_to_ascii.sv(113): case item expression covers a value already covered by a previous case item
Warning (10272): Verilog HDL Case Statement warning at ps2_to_ascii.sv(114): case item expression covers a value already covered by a previous case item
Warning (10272): Verilog HDL Case Statement warning at ps2_to_ascii.sv(115): case item expression covers a value already covered by a previous case item
Warning (10272): Verilog HDL Case Statement warning at ps2_to_ascii.sv(116): case item expression covers a value already covered by a previous case item
Warning (10272): Verilog HDL Case Statement warning at ps2_to_ascii.sv(117): case item expression covers a value already covered by a previous case item
Warning (10272): Verilog HDL Case Statement warning at ps2_to_ascii.sv(118): case item expression covers a value already covered by a previous case item
Warning (10272): Verilog HDL Case Statement warning at ps2_to_ascii.sv(119): case item expression covers a value already covered by a previous case item
Warning (10272): Verilog HDL Case Statement warning at ps2_to_ascii.sv(120): case item expression covers a value already covered by a previous case item
Warning (10272): Verilog HDL Case Statement warning at ps2_to_ascii.sv(121): case item expression covers a value already covered by a previous case item
Warning (10272): Verilog HDL Case Statement warning at ps2_to_ascii.sv(122): case item expression covers a value already covered by a previous case item
Warning (10272): Verilog HDL Case Statement warning at ps2_to_ascii.sv(123): case item expression covers a value already covered by a previous case item
Warning (10272): Verilog HDL Case Statement warning at ps2_to_ascii.sv(124): case item expression covers a value already covered by a previous case item
Warning (10272): Verilog HDL Case Statement warning at ps2_to_ascii.sv(125): case item expression covers a value already covered by a previous case item
Warning (10272): Verilog HDL Case Statement warning at ps2_to_ascii.sv(126): case item expression covers a value already covered by a previous case item
Warning (10272): Verilog HDL Case Statement warning at ps2_to_ascii.sv(127): case item expression covers a value already covered by a previous case item
Warning (10272): Verilog HDL Case Statement warning at ps2_to_ascii.sv(128): case item expression covers a value already covered by a previous case item
Warning (10272): Verilog HDL Case Statement warning at ps2_to_ascii.sv(129): case item expression covers a value already covered by a previous case item
Warning (10272): Verilog HDL Case Statement warning at ps2_to_ascii.sv(130): case item expression covers a value already covered by a previous case item
Warning (10272): Verilog HDL Case Statement warning at ps2_to_ascii.sv(131): case item expression covers a value already covered by a previous case item
Warning (10272): Verilog HDL Case Statement warning at ps2_to_ascii.sv(132): case item expression covers a value already covered by a previous case item
Warning (10272): Verilog HDL Case Statement warning at ps2_to_ascii.sv(133): case item expression covers a value already covered by a previous case item
Warning (10272): Verilog HDL Case Statement warning at ps2_to_ascii.sv(134): case item expression covers a value already covered by a previous case item
Warning (10272): Verilog HDL Case Statement warning at ps2_to_ascii.sv(138): case item expression covers a value already covered by a previous case item
Info (12128): Elaborating entity "lcd_driver" for hierarchy "ps2_lcd_interface:interface0|lcd_driver:lcd_driver0"
Info (12128): Elaborating entity "initializer" for hierarchy "ps2_lcd_interface:interface0|lcd_driver:lcd_driver0|initializer:initializer0"
Info (12128): Elaborating entity "enabler" for hierarchy "ps2_lcd_interface:interface0|lcd_driver:lcd_driver0|initializer:initializer0|enabler:enabler0"
Info (12128): Elaborating entity "bit4To7Seg" for hierarchy "bit4To7Seg:D7Seg0"
Warning (13024): Output pins are stuck at VCC or GND
    Warning (13410): Pin "HEXD_3[1]" is stuck at GND
    Warning (13410): Pin "HEXD_3[2]" is stuck at GND
    Warning (13410): Pin "HEXD_3[6]" is stuck at VCC
    Warning (13410): Pin "LCD_RW" is stuck at GND
Info (17049): 19 registers lost all their fanouts during netlist optimizations.
Info (144001): Generated suppressed messages file C:/Users/Elias g/projects/keyboard1/output_files/keyboard1.map.smsg
Info (16010): Generating hard_block partition "hard_block:auto_generated_inst"
    Info (16011): Adding 0 node(s), including 0 DDIO, 0 PLL, 0 transceiver and 0 LCELL
Info (21057): Implemented 411 device resources after synthesis - the final resource count might be different
    Info (21058): Implemented 5 input pins
    Info (21059): Implemented 64 output pins
    Info (21061): Implemented 342 logic cells
Info: Quartus II 64-Bit Analysis & Synthesis was successful. 0 errors, 37 warnings
    Info: Peak virtual memory: 490 megabytes
    Info: Processing ended: Sun Oct 29 22:26:58 2017
    Info: Elapsed time: 00:00:04
    Info: Total CPU time (on all processors): 00:00:03


+------------------------------------------+
; Analysis & Synthesis Suppressed Messages ;
+------------------------------------------+
The suppressed messages can be found in C:/Users/Elias g/projects/keyboard1/output_files/keyboard1.map.smsg.


